// Jest Snapshot v1, https://goo.gl/fbAQLP

exports[`Pruebas en el login component debe hacer match con snapshot 1`] = `
<span class="login100-form-title p-b-41"> Ingresar </span>
<form class="login100-form validate-form p-b-33 p-t-5">
  <div class="wrap-input100 validate-input" data-validate="Enter email"><input class="input100" type="email" placeholder="Correo" required=""><span class="focus-input100" data-placeholder=""></span></div>
  <div class="wrap-input100 validate-input" data-validate="Enter password"><input class="input100" type="password" placeholder="Contraseña" required=""><span class="focus-input100" data-placeholder=""></span></div>
  <div class="container-login100-form-btn m-t-32"><button type="submit" class="login100-form-btn"> Login </button></div>
  <div class="container-login100-form-btn m-t-32">
    <router-link-stub to="[object Object]"></router-link-stub>
  </div>
</form>
`;
